******************************************************************************
             TMS320C2000 Linker PC v15.12.3                    
******************************************************************************
>> Linked Wed Dec 21 16:01:48 2016

OUTPUT FILE NAME:   <SELE_PMbus_testes.out>
ENTRY POINT SYMBOL: "_c_int00"  address: 003f65e9


MEMORY CONFIGURATION

         name            origin    length      used     unused   attr    fill
----------------------  --------  ---------  --------  --------  ----  --------
PAGE 0:
  RAML0                 00008000   00000800  00000004  000007fc  RWIX
  RAML1                 00008800   00000400  00000000  00000400  RWIX
  OTP                   003d7800   00000400  00000000  00000400  RWIX
  FLASHH                003e8000   00002000  00000000  00002000  RWIX
  FLASHG                003ea000   00002000  00000000  00002000  RWIX
  FLASHF                003ec000   00002000  00000000  00002000  RWIX
  FLASHE                003ee000   00002000  00000000  00002000  RWIX
  FLASHD                003f0000   00002000  00000004  00001ffc  RWIX
  FLASHC                003f2000   00002000  00000000  00002000  RWIX
  FLASHA                003f6000   00001f80  000008a3  000016dd  RWIX
  CSM_RSVD              003f7f80   00000076  00000000  00000076  RWIX
  BEGIN                 003f7ff6   00000002  00000002  00000000  RWIX
  CSM_PWL_P0            003f7ff8   00000008  00000000  00000008  RWIX
  IQTABLES              003fe000   00000b50  00000000  00000b50  RWIX
  IQTABLES2             003feb50   0000008c  00000000  0000008c  RWIX
  IQTABLES3             003febdc   000000aa  00000000  000000aa  RWIX
  ROM                   003ff27c   00000d44  00000000  00000d44  RWIX
  RESET                 003fffc0   00000002  00000000  00000002  RWIX
  VECTORS               003fffc2   0000003e  00000000  0000003e  RWIX

PAGE 1:
  BOOT_RSVD             00000000   00000050  00000000  00000050  RWIX
  RAMM0                 00000050   000003b0  00000300  000000b0  RWIX
  RAMM1                 00000400   00000400  00000000  00000400  RWIX
  DEV_EMU               00000880   00000105  00000004  00000101  RWIX
  SYS_PWR_CTL           00000985   00000003  00000003  00000000  RWIX
  FLASH_REGS            00000a80   00000060  00000008  00000058  RWIX
  CSM                   00000ae0   00000010  00000010  00000000  RWIX
  ADC_RESULT            00000b00   00000020  00000020  00000000  RWIX
  CPU_TIMER0            00000c00   00000008  00000008  00000000  RWIX
  CPU_TIMER1            00000c08   00000008  00000008  00000000  RWIX
  CPU_TIMER2            00000c10   00000008  00000008  00000000  RWIX
  PIE_CTRL              00000ce0   00000020  0000001a  00000006  RWIX
  PIE_VECT              00000d00   00000100  00000100  00000000  RWIX
  CLA1                  00001400   00000080  00000040  00000040  RWIX
  ECANA                 00006000   00000040  00000034  0000000c  RWIX
  ECANA_LAM             00006040   00000040  00000040  00000000  RWIX
  ECANA_MOTS            00006080   00000040  00000040  00000000  RWIX
  ECANA_MOTO            000060c0   00000040  00000040  00000000  RWIX
  ECANA_MBOX            00006100   00000100  00000100  00000000  RWIX
  COMP1                 00006400   00000020  00000014  0000000c  RWIX
  COMP2                 00006420   00000020  00000014  0000000c  RWIX
  COMP3                 00006440   00000020  00000014  0000000c  RWIX
  EPWM1                 00006800   00000040  00000040  00000000  RWIX
  EPWM2                 00006840   00000040  00000040  00000000  RWIX
  EPWM3                 00006880   00000040  00000040  00000000  RWIX
  EPWM4                 000068c0   00000040  00000040  00000000  RWIX
  EPWM5                 00006900   00000040  00000040  00000000  RWIX
  EPWM6                 00006940   00000040  00000040  00000000  RWIX
  EPWM7                 00006980   00000040  00000040  00000000  RWIX
  ECAP1                 00006a00   00000020  00000020  00000000  RWIX
  HRCAP1                00006ac0   00000020  00000020  00000000  RWIX
  HRCAP2                00006ae0   00000020  00000020  00000000  RWIX
  EQEP1                 00006b00   00000040  00000040  00000000  RWIX
  LINA                  00006c00   00000080  0000004a  00000036  RWIX
  GPIOCTRL              00006f80   00000040  00000040  00000000  RWIX
  GPIODAT               00006fc0   00000020  00000020  00000000  RWIX
  GPIOINT               00006fe0   00000020  0000000c  00000014  RWIX
  SYSTEM                00007010   00000020  00000020  00000000  RWIX
  SPIA                  00007040   00000010  00000010  00000000  RWIX
  SCIA                  00007050   00000010  00000010  00000000  RWIX
  NMIINTRUPT            00007060   00000010  00000010  00000000  RWIX
  XINTRUPT              00007070   00000010  00000010  00000000  RWIX
  ADC                   00007100   00000080  00000050  00000030  RWIX
  SPIB                  00007740   00000010  00000010  00000000  RWIX
  I2CA                  00007900   00000040  00000022  0000001e  RWIX
  RAML2                 00008c00   00000400  00000026  000003da  RWIX
  RAML3                 00009000   00001000  00000000  00001000  RWIX
  PARTID                003d7e80   00000001  00000001  00000000  RWIX
  FLASHB                003f4000   00002000  00000000  00002000  RWIX
  CSM_PWL               003f7ff8   00000008  00000008  00000000  RWIX


SECTION ALLOCATION MAP

 output                                  attributes/
section   page    origin      length       input sections
--------  ----  ----------  ----------   ----------------
ramfuncs   0    003f0000    00000004     RUN ADDR = 00008000
                  003f0000    00000004     DSP2803x_usDelay.obj (ramfuncs)

.text      0    003f6000    00000781     
                  003f6000    000001fb     main.obj (.text)
                  003f61fb    0000017c     DSP2803x_DefaultIsr.obj (.text:retain)
                  003f6377    00000144     DSP2803x_SysCtrl.obj (.text)
                  003f64bb    00000073     DSP2803x_CpuTimers.obj (.text)
                  003f652e    00000061     main.obj (.text:retain)
                  003f658f    0000005a     rts2800_ml.lib : fs_mpy.obj (.text)
                  003f65e9    00000054                    : boot.obj (.text)
                  003f663d    00000046                    : cpy_tbl.obj (.text)
                  003f6683    00000029                    : exit.obj (.text)
                  003f66ac    00000029                    : fs_tol.obj (.text)
                  003f66d5    00000028     DSP2803x_PieCtrl.obj (.text)
                  003f66fd    00000026     DSP2803x_PieVect.obj (.text)
                  003f6723    0000001a     rts2800_ml.lib : cpy_utils.obj (.text)
                  003f673d    00000019                    : args_main.obj (.text)
                  003f6756    00000017     DSP2803x_I2C.obj (.text)
                  003f676d    00000009     rts2800_ml.lib : _lock.obj (.text)
                  003f6776    00000008     DSP2803x_CodeStartBranch.obj (.text)
                  003f677e    00000002     rts2800_ml.lib : pre_init.obj (.text)
                  003f6780    00000001                    : startup.obj (.text)

.econst    0    003f6782    00000100     
                  003f6782    00000100     DSP2803x_PieVect.obj (.econst:_PieVectTableInit)

.cinit     0    003f6882    00000022     
                  003f6882    0000000e     rts2800_ml.lib : exit.obj (.cinit)
                  003f6890    00000008     main.obj (.cinit)
                  003f6898    00000005     rts2800_ml.lib : _lock.obj (.cinit:__lock)
                  003f689d    00000005                    : _lock.obj (.cinit:__unlock)
                  003f68a2    00000002     --HOLE-- [fill = 0]

codestart 
*          0    003f7ff6    00000002     
                  003f7ff6    00000002     DSP2803x_CodeStartBranch.obj (codestart)

.stack     1    00000050    00000300     UNINITIALIZED
                  00000050    00000300     --HOLE--

DevEmuRegsFile 
*          1    00000880    00000004     UNINITIALIZED
                  00000880    00000004     DSP2803x_GlobalVariableDefs.obj (DevEmuRegsFile)

SysPwrCtrlRegsFile 
*          1    00000985    00000003     UNINITIALIZED
                  00000985    00000003     DSP2803x_GlobalVariableDefs.obj (SysPwrCtrlRegsFile)

FlashRegsFile 
*          1    00000a80    00000008     UNINITIALIZED
                  00000a80    00000008     DSP2803x_GlobalVariableDefs.obj (FlashRegsFile)

CsmRegsFile 
*          1    00000ae0    00000010     UNINITIALIZED
                  00000ae0    00000010     DSP2803x_GlobalVariableDefs.obj (CsmRegsFile)

AdcResultFile 
*          1    00000b00    00000020     UNINITIALIZED
                  00000b00    00000020     DSP2803x_GlobalVariableDefs.obj (AdcResultFile)

CpuTimer0RegsFile 
*          1    00000c00    00000008     UNINITIALIZED
                  00000c00    00000008     DSP2803x_GlobalVariableDefs.obj (CpuTimer0RegsFile)

CpuTimer1RegsFile 
*          1    00000c08    00000008     UNINITIALIZED
                  00000c08    00000008     DSP2803x_GlobalVariableDefs.obj (CpuTimer1RegsFile)

CpuTimer2RegsFile 
*          1    00000c10    00000008     UNINITIALIZED
                  00000c10    00000008     DSP2803x_GlobalVariableDefs.obj (CpuTimer2RegsFile)

PieCtrlRegsFile 
*          1    00000ce0    0000001a     UNINITIALIZED
                  00000ce0    0000001a     DSP2803x_GlobalVariableDefs.obj (PieCtrlRegsFile)

PieVectTableFile 
*          1    00000d00    00000100     UNINITIALIZED
                  00000d00    00000100     DSP2803x_GlobalVariableDefs.obj (PieVectTableFile)

EmuKeyVar 
*          1    00000d00    00000001     UNINITIALIZED
                  00000d00    00000001     DSP2803x_GlobalVariableDefs.obj (EmuKeyVar)

EmuBModeVar 
*          1    00000d01    00000001     UNINITIALIZED
                  00000d01    00000001     DSP2803x_GlobalVariableDefs.obj (EmuBModeVar)

FlashCallbackVar 
*          1    00000d02    00000002     UNINITIALIZED
                  00000d02    00000002     DSP2803x_GlobalVariableDefs.obj (FlashCallbackVar)

FlashScalingVar 
*          1    00000d04    00000002     UNINITIALIZED
                  00000d04    00000002     DSP2803x_GlobalVariableDefs.obj (FlashScalingVar)

Cla1RegsFile 
*          1    00001400    00000040     UNINITIALIZED
                  00001400    00000040     DSP2803x_GlobalVariableDefs.obj (Cla1RegsFile)

ECanaRegsFile 
*          1    00006000    00000034     UNINITIALIZED
                  00006000    00000034     DSP2803x_GlobalVariableDefs.obj (ECanaRegsFile)

ECanaLAMRegsFile 
*          1    00006040    00000040     UNINITIALIZED
                  00006040    00000040     DSP2803x_GlobalVariableDefs.obj (ECanaLAMRegsFile)

ECanaMOTSRegsFile 
*          1    00006080    00000040     UNINITIALIZED
                  00006080    00000040     DSP2803x_GlobalVariableDefs.obj (ECanaMOTSRegsFile)

ECanaMOTORegsFile 
*          1    000060c0    00000040     UNINITIALIZED
                  000060c0    00000040     DSP2803x_GlobalVariableDefs.obj (ECanaMOTORegsFile)

ECanaMboxesFile 
*          1    00006100    00000100     UNINITIALIZED
                  00006100    00000100     DSP2803x_GlobalVariableDefs.obj (ECanaMboxesFile)

Comp1RegsFile 
*          1    00006400    00000014     UNINITIALIZED
                  00006400    00000014     DSP2803x_GlobalVariableDefs.obj (Comp1RegsFile)

Comp2RegsFile 
*          1    00006420    00000014     UNINITIALIZED
                  00006420    00000014     DSP2803x_GlobalVariableDefs.obj (Comp2RegsFile)

Comp3RegsFile 
*          1    00006440    00000014     UNINITIALIZED
                  00006440    00000014     DSP2803x_GlobalVariableDefs.obj (Comp3RegsFile)

EPwm1RegsFile 
*          1    00006800    00000040     UNINITIALIZED
                  00006800    00000040     DSP2803x_GlobalVariableDefs.obj (EPwm1RegsFile)

EPwm2RegsFile 
*          1    00006840    00000040     UNINITIALIZED
                  00006840    00000040     DSP2803x_GlobalVariableDefs.obj (EPwm2RegsFile)

EPwm3RegsFile 
*          1    00006880    00000040     UNINITIALIZED
                  00006880    00000040     DSP2803x_GlobalVariableDefs.obj (EPwm3RegsFile)

EPwm4RegsFile 
*          1    000068c0    00000040     UNINITIALIZED
                  000068c0    00000040     DSP2803x_GlobalVariableDefs.obj (EPwm4RegsFile)

EPwm5RegsFile 
*          1    00006900    00000040     UNINITIALIZED
                  00006900    00000040     DSP2803x_GlobalVariableDefs.obj (EPwm5RegsFile)

EPwm6RegsFile 
*          1    00006940    00000040     UNINITIALIZED
                  00006940    00000040     DSP2803x_GlobalVariableDefs.obj (EPwm6RegsFile)

EPwm7RegsFile 
*          1    00006980    00000040     UNINITIALIZED
                  00006980    00000040     DSP2803x_GlobalVariableDefs.obj (EPwm7RegsFile)

ECap1RegsFile 
*          1    00006a00    00000020     UNINITIALIZED
                  00006a00    00000020     DSP2803x_GlobalVariableDefs.obj (ECap1RegsFile)

HRCap1RegsFile 
*          1    00006ac0    00000020     UNINITIALIZED
                  00006ac0    00000020     DSP2803x_GlobalVariableDefs.obj (HRCap1RegsFile)

HRCap2RegsFile 
*          1    00006ae0    00000020     UNINITIALIZED
                  00006ae0    00000020     DSP2803x_GlobalVariableDefs.obj (HRCap2RegsFile)

EQep1RegsFile 
*          1    00006b00    00000040     UNINITIALIZED
                  00006b00    00000040     DSP2803x_GlobalVariableDefs.obj (EQep1RegsFile)

LinaRegsFile 
*          1    00006c00    0000004a     UNINITIALIZED
                  00006c00    0000004a     DSP2803x_GlobalVariableDefs.obj (LinaRegsFile)

GpioCtrlRegsFile 
*          1    00006f80    00000040     UNINITIALIZED
                  00006f80    00000040     DSP2803x_GlobalVariableDefs.obj (GpioCtrlRegsFile)

GpioDataRegsFile 
*          1    00006fc0    00000020     UNINITIALIZED
                  00006fc0    00000020     DSP2803x_GlobalVariableDefs.obj (GpioDataRegsFile)

GpioIntRegsFile 
*          1    00006fe0    0000000c     UNINITIALIZED
                  00006fe0    0000000c     DSP2803x_GlobalVariableDefs.obj (GpioIntRegsFile)

SysCtrlRegsFile 
*          1    00007010    00000020     UNINITIALIZED
                  00007010    00000020     DSP2803x_GlobalVariableDefs.obj (SysCtrlRegsFile)

SpiaRegsFile 
*          1    00007040    00000010     UNINITIALIZED
                  00007040    00000010     DSP2803x_GlobalVariableDefs.obj (SpiaRegsFile)

SciaRegsFile 
*          1    00007050    00000010     UNINITIALIZED
                  00007050    00000010     DSP2803x_GlobalVariableDefs.obj (SciaRegsFile)

NmiIntruptRegsFile 
*          1    00007060    00000010     UNINITIALIZED
                  00007060    00000010     DSP2803x_GlobalVariableDefs.obj (NmiIntruptRegsFile)

XIntruptRegsFile 
*          1    00007070    00000010     UNINITIALIZED
                  00007070    00000010     DSP2803x_GlobalVariableDefs.obj (XIntruptRegsFile)

AdcRegsFile 
*          1    00007100    00000050     UNINITIALIZED
                  00007100    00000050     DSP2803x_GlobalVariableDefs.obj (AdcRegsFile)

SpibRegsFile 
*          1    00007740    00000010     UNINITIALIZED
                  00007740    00000010     DSP2803x_GlobalVariableDefs.obj (SpibRegsFile)

I2caRegsFile 
*          1    00007900    00000022     UNINITIALIZED
                  00007900    00000022     DSP2803x_GlobalVariableDefs.obj (I2caRegsFile)

.ebss      1    00008c00    00000026     UNINITIALIZED
                  00008c00    00000018     DSP2803x_CpuTimers.obj (.ebss)
                  00008c18    00000006     rts2800_ml.lib : exit.obj (.ebss)
                  00008c1e    00000003     main.obj (.ebss)
                  00008c21    00000001     --HOLE--
                  00008c22    00000002     rts2800_ml.lib : _lock.obj (.ebss:__lock)
                  00008c24    00000002                    : _lock.obj (.ebss:__unlock)

PartIdRegsFile 
*          1    003d7e80    00000001     UNINITIALIZED
                  003d7e80    00000001     DSP2803x_GlobalVariableDefs.obj (PartIdRegsFile)

CsmPwlFile 
*          1    003f7ff8    00000008     UNINITIALIZED
                  003f7ff8    00000008     DSP2803x_GlobalVariableDefs.obj (CsmPwlFile)

.pinit     0    003f6000    00000000     UNINITIALIZED

.reset     0    003fffc0    00000002     DSECT
                  003fffc0    00000002     rts2800_ml.lib : boot.obj (.reset)

vectors    0    003fffc2    00000000     DSECT

MODULE SUMMARY

       Module                            code   ro data   rw data
       ------                            ----   -------   -------
    .\
       DSP2803x_GlobalVariableDefs.obj   0      0         2024   
       main.obj                          604    0         11     
       DSP2803x_DefaultIsr.obj           380    0         0      
       DSP2803x_SysCtrl.obj              324    0         0      
       DSP2803x_PieVect.obj              38     0         256    
       DSP2803x_CpuTimers.obj            115    0         24     
       DSP2803x_PieCtrl.obj              40     0         0      
       DSP2803x_I2C.obj                  23     0         0      
       DSP2803x_CodeStartBranch.obj      10     0         0      
       DSP2803x_usDelay.obj              8      0         0      
    +--+---------------------------------+------+---------+---------+
       Total:                            1542   0         2315   
                                                                 
    C:\ti\ccsv6\tools\compiler\c2000_15.12.3.LTS\lib\rts2800_ml.lib
       fs_mpy.obj                        90     0         0      
       boot.obj                          84     0         0      
       cpy_tbl.obj                       70     0         0      
       exit.obj                          41     0         20     
       fs_tol.obj                        41     0         0      
       cpy_utils.obj                     26     0         0      
       args_main.obj                     25     0         0      
       _lock.obj                         9      0         14     
       pre_init.obj                      2      0         0      
       startup.obj                       1      0         0      
    +--+---------------------------------+------+---------+---------+
       Total:                            389    0         34     
                                                                 
       Stack:                            0      0         768    
    +--+---------------------------------+------+---------+---------+
       Grand Total:                      1931   0         3117   


GLOBAL DATA SYMBOLS: SORTED BY DATA PAGE

address     data page           name
--------    ----------------    ----
00000050       1 (00000040)     __stack

00000880      22 (00000880)     _DevEmuRegs

00000985      26 (00000980)     _SysPwrCtrlRegs

00000a80      2a (00000a80)     _FlashRegs

00000ae0      2b (00000ac0)     _CsmRegs

00000b00      2c (00000b00)     _AdcResult

00000c00      30 (00000c00)     _CpuTimer0Regs
00000c08      30 (00000c00)     _CpuTimer1Regs
00000c10      30 (00000c00)     _CpuTimer2Regs

00000ce0      33 (00000cc0)     _PieCtrlRegs

00000d00      34 (00000d00)     _EmuKey
00000d00      34 (00000d00)     _PieVectTable
00000d01      34 (00000d00)     _EmuBMode
00000d02      34 (00000d00)     _Flash_CallbackPtr
00000d04      34 (00000d00)     _Flash_CPUScaleFactor

00001400      50 (00001400)     _Cla1Regs

00006000     180 (00006000)     _ECanaRegs

00006040     181 (00006040)     _ECanaLAMRegs

00006080     182 (00006080)     _ECanaMOTSRegs

000060c0     183 (000060c0)     _ECanaMOTORegs

00006100     184 (00006100)     _ECanaMboxes

00006400     190 (00006400)     _Comp1Regs
00006420     190 (00006400)     _Comp2Regs

00006440     191 (00006440)     _Comp3Regs

00006800     1a0 (00006800)     _EPwm1Regs

00006840     1a1 (00006840)     _EPwm2Regs

00006880     1a2 (00006880)     _EPwm3Regs

000068c0     1a3 (000068c0)     _EPwm4Regs

00006900     1a4 (00006900)     _EPwm5Regs

00006940     1a5 (00006940)     _EPwm6Regs

00006980     1a6 (00006980)     _EPwm7Regs

00006a00     1a8 (00006a00)     _ECap1Regs

00006ac0     1ab (00006ac0)     _HRCap1Regs
00006ae0     1ab (00006ac0)     _HRCap2Regs

00006b00     1ac (00006b00)     _EQep1Regs

00006c00     1b0 (00006c00)     _LinaRegs

00006f80     1be (00006f80)     _GpioCtrlRegs

00006fc0     1bf (00006fc0)     _GpioDataRegs
00006fe0     1bf (00006fc0)     _GpioIntRegs

00007010     1c0 (00007000)     _SysCtrlRegs

00007040     1c1 (00007040)     _SpiaRegs
00007050     1c1 (00007040)     _SciaRegs
00007060     1c1 (00007040)     _NmiIntruptRegs
00007070     1c1 (00007040)     _XIntruptRegs

00007100     1c4 (00007100)     _AdcRegs

00007740     1dd (00007740)     _SpibRegs

00007900     1e4 (00007900)     _I2caRegs

00008c00     230 (00008c00)     _CpuTimer1
00008c08     230 (00008c00)     _CpuTimer2
00008c10     230 (00008c00)     _CpuTimer0
00008c18     230 (00008c00)     ___TI_enable_exit_profile_output
00008c1a     230 (00008c00)     ___TI_cleanup_ptr
00008c1c     230 (00008c00)     ___TI_dtors_ptr
00008c1e     230 (00008c00)     _bus_read
00008c1f     230 (00008c00)     _mode
00008c20     230 (00008c00)     _alert
00008c22     230 (00008c00)     __lock
00008c24     230 (00008c00)     __unlock

003d7e80    f5fa (003d7e80)     _PartIdRegs

003f6782    fd9e (003f6780)     _PieVectTableInit

003f7ff8    fdff (003f7fc0)     _CsmPwl


GLOBAL SYMBOLS: SORTED ALPHABETICALLY BY Name 

page  address   name                            
----  -------   ----                            
0     003f6000  .text                           
0     003f6683  C$$EXIT                         
0     003f658f  FS$$MPY                         
0     003f66ac  FS$$TOL                         
0     003f625a  _ADCINT1_ISR                    
0     003f625f  _ADCINT2_ISR                    
0     003f6313  _ADCINT3_ISR                    
0     003f6318  _ADCINT4_ISR                    
0     003f631d  _ADCINT5_ISR                    
0     003f6322  _ADCINT6_ISR                    
0     003f6327  _ADCINT7_ISR                    
0     003f632c  _ADCINT8_ISR                    
0     003f626e  _ADCINT9_ISR                    
1     00007100  _AdcRegs                        
1     00000b00  _AdcResult                      
0     003f6331  _CLA1_INT1_ISR                  
0     003f6336  _CLA1_INT2_ISR                  
0     003f633b  _CLA1_INT3_ISR                  
0     003f6340  _CLA1_INT4_ISR                  
0     003f6345  _CLA1_INT5_ISR                  
0     003f634a  _CLA1_INT6_ISR                  
0     003f634f  _CLA1_INT7_ISR                  
0     003f6354  _CLA1_INT8_ISR                  
1     00001400  _Cla1Regs                       
1     00006400  _Comp1Regs                      
1     00006420  _Comp2Regs                      
1     00006440  _Comp3Regs                      
0     003f64fc  _ConfigCpuTimer                 
1     00008c10  _CpuTimer0                      
1     00000c00  _CpuTimer0Regs                  
1     00008c00  _CpuTimer1                      
1     00000c08  _CpuTimer1Regs                  
1     00008c08  _CpuTimer2                      
1     00000c10  _CpuTimer2Regs                  
1     003f7ff8  _CsmPwl                         
1     00000ae0  _CsmRegs                        
0     003f6434  _CsmUnlock                      
0     003f6205  _DATALOG_ISR                    
0     00008000  _DSP28x_usDelay                 
1     00000880  _DevEmuRegs                     
0     003f639b  _DisableDog                     
0     003f6309  _ECAN0INTA_ISR                  
0     003f630e  _ECAN1INTA_ISR                  
0     003f62c3  _ECAP1_INT_ISR                  
1     00006040  _ECanaLAMRegs                   
1     000060c0  _ECanaMOTORegs                  
1     00006080  _ECanaMOTSRegs                  
1     00006100  _ECanaMboxes                    
1     00006000  _ECanaRegs                      
1     00006a00  _ECap1Regs                      
0     003f6368  _EMPTY_ISR                      
0     003f620f  _EMUINT_ISR                     
0     003f62a0  _EPWM1_INT_ISR                  
0     003f627d  _EPWM1_TZINT_ISR                
0     003f62a5  _EPWM2_INT_ISR                  
0     003f6282  _EPWM2_TZINT_ISR                
0     003f62aa  _EPWM3_INT_ISR                  
0     003f6287  _EPWM3_TZINT_ISR                
0     003f62af  _EPWM4_INT_ISR                  
0     003f628c  _EPWM4_TZINT_ISR                
0     003f62b4  _EPWM5_INT_ISR                  
0     003f6291  _EPWM5_TZINT_ISR                
0     003f62b9  _EPWM6_INT_ISR                  
0     003f6296  _EPWM6_TZINT_ISR                
0     003f62be  _EPWM7_INT_ISR                  
0     003f629b  _EPWM7_TZINT_ISR                
1     00006800  _EPwm1Regs                      
1     00006840  _EPwm2Regs                      
1     00006880  _EPwm3Regs                      
1     000068c0  _EPwm4Regs                      
1     00006900  _EPwm5Regs                      
1     00006940  _EPwm6Regs                      
1     00006980  _EPwm7Regs                      
0     003f62d2  _EQEP1_INT_ISR                  
1     00006b00  _EQep1Regs                      
1     00000d01  _EmuBMode                       
1     00000d00  _EmuKey                         
0     003f66f4  _EnableInterrupts               
0     003f64a5  _ExtOscSel                      
1     00000a80  _FlashRegs                      
1     00000d04  _Flash_CPUScaleFactor           
1     00000d02  _Flash_CallbackPtr              
1     00006f80  _GpioCtrlRegs                   
1     00006fc0  _GpioDataRegs                   
1     00006fe0  _GpioIntRegs                    
0     003f62c8  _HRCAP1_INT_ISR                 
0     003f62cd  _HRCAP2_INT_ISR                 
1     00006ac0  _HRCap1Regs                     
1     00006ae0  _HRCap2Regs                     
0     003f62eb  _I2CINT1A_ISR                   
0     003f62f0  _I2CINT2A_ISR                   
1     00007900  _I2caRegs                       
0     003f6219  _ILLEGAL_ISR                    
0     003f61fb  _INT13_ISR                      
0     003f6200  _INT14_ISR                      
0     003f64bb  _InitCpuTimers                  
0     003f6756  _InitI2C                        
0     003f6757  _InitI2CGpio                    
0     003f63f8  _InitPeripheralClocks           
0     003f66d5  _InitPieCtrl                    
0     003f66fd  _InitPieVectTable               
0     003f63a3  _InitPll                        
0     003f6377  _InitSysCtrl                    
0     003f6465  _IntOsc1Sel                     
0     003f6475  _IntOsc2Sel                     
0     003f62ff  _LIN0INTA_ISR                   
0     003f6304  _LIN1INTA_ISR                   
0     003f6363  _LUF_ISR                        
0     003f635e  _LVF_ISR                        
1     00006c00  _LinaRegs                       
0     003f6000  _MemCopy                        
0     003f6214  _NMI_ISR                        
1     00007060  _NmiIntruptRegs                 
0     003f636d  _PIE_RESERVED                   
0     003f603a  _PMBusMaster_Init               
1     003d7e80  _PartIdRegs                     
1     00000ce0  _PieCtrlRegs                    
1     00000d00  _PieVectTable                   
0     003f6782  _PieVectTableInit               
0     003f620a  _RTOSINT_ISR                    
0     003f0004  _RamfuncsLoadEnd                
0     003f0000  _RamfuncsLoadStart              
0     00008000  _RamfuncsRunStart               
0     003f62f5  _SCIRXINTA_ISR                  
0     003f62fa  _SCITXINTA_ISR                  
0     003f62d7  _SPIRXINTA_ISR                  
0     003f62e1  _SPIRXINTB_ISR                  
0     003f62dc  _SPITXINTA_ISR                  
0     003f62e6  _SPITXINTB_ISR                  
1     00007050  _SciaRegs                       
0     003f6391  _ServiceDog                     
1     00007040  _SpiaRegs                       
1     00007740  _SpibRegs                       
1     00007010  _SysCtrlRegs                    
1     00000985  _SysPwrCtrlRegs                 
0     003f6273  _TINT0_ISR                      
0     003f624b  _USER10_ISR                     
0     003f6250  _USER11_ISR                     
0     003f6255  _USER12_ISR                     
0     003f621e  _USER1_ISR                      
0     003f6223  _USER2_ISR                      
0     003f6228  _USER3_ISR                      
0     003f622d  _USER4_ISR                      
0     003f6232  _USER5_ISR                      
0     003f6237  _USER6_ISR                      
0     003f623c  _USER7_ISR                      
0     003f6241  _USER8_ISR                      
0     003f6246  _USER9_ISR                      
0     003f6278  _WAKEINT_ISR                    
0     003f6264  _XINT1_ISR                      
0     003f6269  _XINT2_ISR                      
0     003f6359  _XINT3_ISR                      
1     00007070  _XIntruptRegs                   
0     003f6489  _XtalOscSel                     
1     00000350  __STACK_END                     
abs   00000300  __STACK_SIZE                    
1     00008c1a  ___TI_cleanup_ptr               
1     00008c1c  ___TI_dtors_ptr                 
1     00008c18  ___TI_enable_exit_profile_output
abs   ffffffff  ___TI_pprof_out_hndl            
abs   ffffffff  ___TI_prof_data_size            
abs   ffffffff  ___TI_prof_data_start           
abs   ffffffff  ___binit__                      
abs   ffffffff  ___c_args__                     
0     003f6882  ___cinit__                      
0     003f6781  ___etext__                      
abs   ffffffff  ___pinit__                      
0     003f6000  ___text__                       
0     003f673d  __args_main                     
1     00008c22  __lock                          
0     003f6775  __nop                           
0     003f6771  __register_lock                 
0     003f676d  __register_unlock               
1     00000050  __stack                         
0     003f6780  __system_post_cinit             
0     003f677e  __system_pre_init               
1     00008c24  __unlock                        
0     003f6683  _abort                          
1     00008c20  _alert                          
1     00008c1e  _bus_read                       
0     003f65e9  _c_int00                        
0     003f663d  _copy_in                        
0     003f654a  _cpu_timer0_isr                 
0     003f6723  _ddcopy                         
0     003f6723  _dpcopy                         
0     003f6685  _exit                           
0     003f6557  _i2c_master_int1a_isr           
0     003f6013  _is_slave_present               
0     003f61d9  _main                           
0     003f60c8  _master_read_byte               
0     003f6134  _master_write_byte              
0     003f6182  _master_write_word              
1     00008c1f  _mode                           
0     003f6723  _pdcopy                         
0     003f6723  _ppcopy                         
0     003f6372  _rsvd_ISR                       
0     003f652e  _xint1_isr                      
abs   ffffffff  binit                           
0     003f6882  cinit                           
0     003f7ff6  code_start                      
0     003f6781  etext                           
abs   ffffffff  pinit                           


GLOBAL SYMBOLS: SORTED BY Symbol Address 

page  address   name                            
----  -------   ----                            
0     00008000  _DSP28x_usDelay                 
0     00008000  _RamfuncsRunStart               
0     003f0000  _RamfuncsLoadStart              
0     003f0004  _RamfuncsLoadEnd                
0     003f6000  .text                           
0     003f6000  _MemCopy                        
0     003f6000  ___text__                       
0     003f6013  _is_slave_present               
0     003f603a  _PMBusMaster_Init               
0     003f60c8  _master_read_byte               
0     003f6134  _master_write_byte              
0     003f6182  _master_write_word              
0     003f61d9  _main                           
0     003f61fb  _INT13_ISR                      
0     003f6200  _INT14_ISR                      
0     003f6205  _DATALOG_ISR                    
0     003f620a  _RTOSINT_ISR                    
0     003f620f  _EMUINT_ISR                     
0     003f6214  _NMI_ISR                        
0     003f6219  _ILLEGAL_ISR                    
0     003f621e  _USER1_ISR                      
0     003f6223  _USER2_ISR                      
0     003f6228  _USER3_ISR                      
0     003f622d  _USER4_ISR                      
0     003f6232  _USER5_ISR                      
0     003f6237  _USER6_ISR                      
0     003f623c  _USER7_ISR                      
0     003f6241  _USER8_ISR                      
0     003f6246  _USER9_ISR                      
0     003f624b  _USER10_ISR                     
0     003f6250  _USER11_ISR                     
0     003f6255  _USER12_ISR                     
0     003f625a  _ADCINT1_ISR                    
0     003f625f  _ADCINT2_ISR                    
0     003f6264  _XINT1_ISR                      
0     003f6269  _XINT2_ISR                      
0     003f626e  _ADCINT9_ISR                    
0     003f6273  _TINT0_ISR                      
0     003f6278  _WAKEINT_ISR                    
0     003f627d  _EPWM1_TZINT_ISR                
0     003f6282  _EPWM2_TZINT_ISR                
0     003f6287  _EPWM3_TZINT_ISR                
0     003f628c  _EPWM4_TZINT_ISR                
0     003f6291  _EPWM5_TZINT_ISR                
0     003f6296  _EPWM6_TZINT_ISR                
0     003f629b  _EPWM7_TZINT_ISR                
0     003f62a0  _EPWM1_INT_ISR                  
0     003f62a5  _EPWM2_INT_ISR                  
0     003f62aa  _EPWM3_INT_ISR                  
0     003f62af  _EPWM4_INT_ISR                  
0     003f62b4  _EPWM5_INT_ISR                  
0     003f62b9  _EPWM6_INT_ISR                  
0     003f62be  _EPWM7_INT_ISR                  
0     003f62c3  _ECAP1_INT_ISR                  
0     003f62c8  _HRCAP1_INT_ISR                 
0     003f62cd  _HRCAP2_INT_ISR                 
0     003f62d2  _EQEP1_INT_ISR                  
0     003f62d7  _SPIRXINTA_ISR                  
0     003f62dc  _SPITXINTA_ISR                  
0     003f62e1  _SPIRXINTB_ISR                  
0     003f62e6  _SPITXINTB_ISR                  
0     003f62eb  _I2CINT1A_ISR                   
0     003f62f0  _I2CINT2A_ISR                   
0     003f62f5  _SCIRXINTA_ISR                  
0     003f62fa  _SCITXINTA_ISR                  
0     003f62ff  _LIN0INTA_ISR                   
0     003f6304  _LIN1INTA_ISR                   
0     003f6309  _ECAN0INTA_ISR                  
0     003f630e  _ECAN1INTA_ISR                  
0     003f6313  _ADCINT3_ISR                    
0     003f6318  _ADCINT4_ISR                    
0     003f631d  _ADCINT5_ISR                    
0     003f6322  _ADCINT6_ISR                    
0     003f6327  _ADCINT7_ISR                    
0     003f632c  _ADCINT8_ISR                    
0     003f6331  _CLA1_INT1_ISR                  
0     003f6336  _CLA1_INT2_ISR                  
0     003f633b  _CLA1_INT3_ISR                  
0     003f6340  _CLA1_INT4_ISR                  
0     003f6345  _CLA1_INT5_ISR                  
0     003f634a  _CLA1_INT6_ISR                  
0     003f634f  _CLA1_INT7_ISR                  
0     003f6354  _CLA1_INT8_ISR                  
0     003f6359  _XINT3_ISR                      
0     003f635e  _LVF_ISR                        
0     003f6363  _LUF_ISR                        
0     003f6368  _EMPTY_ISR                      
0     003f636d  _PIE_RESERVED                   
0     003f6372  _rsvd_ISR                       
0     003f6377  _InitSysCtrl                    
0     003f6391  _ServiceDog                     
0     003f639b  _DisableDog                     
0     003f63a3  _InitPll                        
0     003f63f8  _InitPeripheralClocks           
0     003f6434  _CsmUnlock                      
0     003f6465  _IntOsc1Sel                     
0     003f6475  _IntOsc2Sel                     
0     003f6489  _XtalOscSel                     
0     003f64a5  _ExtOscSel                      
0     003f64bb  _InitCpuTimers                  
0     003f64fc  _ConfigCpuTimer                 
0     003f652e  _xint1_isr                      
0     003f654a  _cpu_timer0_isr                 
0     003f6557  _i2c_master_int1a_isr           
0     003f658f  FS$$MPY                         
0     003f65e9  _c_int00                        
0     003f663d  _copy_in                        
0     003f6683  C$$EXIT                         
0     003f6683  _abort                          
0     003f6685  _exit                           
0     003f66ac  FS$$TOL                         
0     003f66d5  _InitPieCtrl                    
0     003f66f4  _EnableInterrupts               
0     003f66fd  _InitPieVectTable               
0     003f6723  _ddcopy                         
0     003f6723  _dpcopy                         
0     003f6723  _pdcopy                         
0     003f6723  _ppcopy                         
0     003f673d  __args_main                     
0     003f6756  _InitI2C                        
0     003f6757  _InitI2CGpio                    
0     003f676d  __register_unlock               
0     003f6771  __register_lock                 
0     003f6775  __nop                           
0     003f677e  __system_pre_init               
0     003f6780  __system_post_cinit             
0     003f6781  ___etext__                      
0     003f6781  etext                           
0     003f6782  _PieVectTableInit               
0     003f6882  ___cinit__                      
0     003f6882  cinit                           
0     003f7ff6  code_start                      
1     00000050  __stack                         
1     00000350  __STACK_END                     
1     00000880  _DevEmuRegs                     
1     00000985  _SysPwrCtrlRegs                 
1     00000a80  _FlashRegs                      
1     00000ae0  _CsmRegs                        
1     00000b00  _AdcResult                      
1     00000c00  _CpuTimer0Regs                  
1     00000c08  _CpuTimer1Regs                  
1     00000c10  _CpuTimer2Regs                  
1     00000ce0  _PieCtrlRegs                    
1     00000d00  _EmuKey                         
1     00000d00  _PieVectTable                   
1     00000d01  _EmuBMode                       
1     00000d02  _Flash_CallbackPtr              
1     00000d04  _Flash_CPUScaleFactor           
1     00001400  _Cla1Regs                       
1     00006000  _ECanaRegs                      
1     00006040  _ECanaLAMRegs                   
1     00006080  _ECanaMOTSRegs                  
1     000060c0  _ECanaMOTORegs                  
1     00006100  _ECanaMboxes                    
1     00006400  _Comp1Regs                      
1     00006420  _Comp2Regs                      
1     00006440  _Comp3Regs                      
1     00006800  _EPwm1Regs                      
1     00006840  _EPwm2Regs                      
1     00006880  _EPwm3Regs                      
1     000068c0  _EPwm4Regs                      
1     00006900  _EPwm5Regs                      
1     00006940  _EPwm6Regs                      
1     00006980  _EPwm7Regs                      
1     00006a00  _ECap1Regs                      
1     00006ac0  _HRCap1Regs                     
1     00006ae0  _HRCap2Regs                     
1     00006b00  _EQep1Regs                      
1     00006c00  _LinaRegs                       
1     00006f80  _GpioCtrlRegs                   
1     00006fc0  _GpioDataRegs                   
1     00006fe0  _GpioIntRegs                    
1     00007010  _SysCtrlRegs                    
1     00007040  _SpiaRegs                       
1     00007050  _SciaRegs                       
1     00007060  _NmiIntruptRegs                 
1     00007070  _XIntruptRegs                   
1     00007100  _AdcRegs                        
1     00007740  _SpibRegs                       
1     00007900  _I2caRegs                       
1     00008c00  _CpuTimer1                      
1     00008c08  _CpuTimer2                      
1     00008c10  _CpuTimer0                      
1     00008c18  ___TI_enable_exit_profile_output
1     00008c1a  ___TI_cleanup_ptr               
1     00008c1c  ___TI_dtors_ptr                 
1     00008c1e  _bus_read                       
1     00008c1f  _mode                           
1     00008c20  _alert                          
1     00008c22  __lock                          
1     00008c24  __unlock                        
1     003d7e80  _PartIdRegs                     
1     003f7ff8  _CsmPwl                         
abs   00000300  __STACK_SIZE                    
abs   ffffffff  ___TI_pprof_out_hndl            
abs   ffffffff  ___TI_prof_data_size            
abs   ffffffff  ___TI_prof_data_start           
abs   ffffffff  ___binit__                      
abs   ffffffff  ___c_args__                     
abs   ffffffff  ___pinit__                      
abs   ffffffff  binit                           
abs   ffffffff  pinit                           

[202 symbols]
